src/routes/donation.routes.ts(43,60): error TS2345: Argument of type 'string | string[]' is not assignable to parameter of type 'string'.
  Type 'string[]' is not assignable to type 'string'.
src/routes/reservation.routes.ts(10,50): error TS2339: Property 'createReservation' does not exist on type 'typeof ReservationService'.
